[ 2025-05-30 12:02:32,643 ] 22 my_doctor_app - INFO - Sending request to API: http://127.0.0.1:8000/execute
[ 2025-05-30 12:02:34,720 ] 49 my_doctor_app - ERROR - Exception occurred during API call.
Traceback (most recent call last):
  File "E:\Doctor-Appointment-Aiagent\venv\Lib\site-packages\urllib3\connection.py", line 198, in _new_conn
    sock = connection.create_connection(
           ^^^^^^^^^^^^^^^^^^^^^^^^^^^^^
  File "E:\Doctor-Appointment-Aiagent\venv\Lib\site-packages\urllib3\util\connection.py", line 85, in create_connection
    raise err
  File "E:\Doctor-Appointment-Aiagent\venv\Lib\site-packages\urllib3\util\connection.py", line 73, in create_connection
    sock.connect(sa)
ConnectionRefusedError: [WinError 10061] No connection could be made because the target machine actively refused it

The above exception was the direct cause of the following exception:

Traceback (most recent call last):
  File "E:\Doctor-Appointment-Aiagent\venv\Lib\site-packages\urllib3\connectionpool.py", line 787, in urlopen
    response = self._make_request(
               ^^^^^^^^^^^^^^^^^^^
  File "E:\Doctor-Appointment-Aiagent\venv\Lib\site-packages\urllib3\connectionpool.py", line 493, in _make_request
    conn.request(
  File "E:\Doctor-Appointment-Aiagent\venv\Lib\site-packages\urllib3\connection.py", line 445, in request
    self.endheaders()
  File "E:\Doctor-Appointment-Aiagent\venv\Lib\http\client.py", line 1281, in endheaders
    self._send_output(message_body, encode_chunked=encode_chunked)
  File "E:\Doctor-Appointment-Aiagent\venv\Lib\http\client.py", line 1041, in _send_output
    self.send(msg)
  File "E:\Doctor-Appointment-Aiagent\venv\Lib\http\client.py", line 979, in send
    self.connect()
  File "E:\Doctor-Appointment-Aiagent\venv\Lib\site-packages\urllib3\connection.py", line 276, in connect
    self.sock = self._new_conn()
                ^^^^^^^^^^^^^^^^
  File "E:\Doctor-Appointment-Aiagent\venv\Lib\site-packages\urllib3\connection.py", line 213, in _new_conn
    raise NewConnectionError(
urllib3.exceptions.NewConnectionError: <urllib3.connection.HTTPConnection object at 0x000002A8B8484650>: Failed to establish a new connection: [WinError 10061] No connection could be made because the target machine actively refused it

The above exception was the direct cause of the following exception:

Traceback (most recent call last):
  File "E:\Doctor-Appointment-Aiagent\venv\Lib\site-packages\requests\adapters.py", line 667, in send
    resp = conn.urlopen(
           ^^^^^^^^^^^^^
  File "E:\Doctor-Appointment-Aiagent\venv\Lib\site-packages\urllib3\connectionpool.py", line 841, in urlopen
    retries = retries.increment(
              ^^^^^^^^^^^^^^^^^^
  File "E:\Doctor-Appointment-Aiagent\venv\Lib\site-packages\urllib3\util\retry.py", line 519, in increment
    raise MaxRetryError(_pool, url, reason) from reason  # type: ignore[arg-type]
    ^^^^^^^^^^^^^^^^^^^^^^^^^^^^^^^^^^^^^^^^^^^^^^^^^^^
urllib3.exceptions.MaxRetryError: HTTPConnectionPool(host='127.0.0.1', port=8000): Max retries exceeded with url: /execute (Caused by NewConnectionError('<urllib3.connection.HTTPConnection object at 0x000002A8B8484650>: Failed to establish a new connection: [WinError 10061] No connection could be made because the target machine actively refused it'))

During handling of the above exception, another exception occurred:

Traceback (most recent call last):
  File "E:\Doctor-Appointment-Aiagent\streamlit_ui.py", line 30, in <module>
    response = requests.post(
               ^^^^^^^^^^^^^^
  File "E:\Doctor-Appointment-Aiagent\venv\Lib\site-packages\requests\api.py", line 115, in post
    return request("post", url, data=data, json=json, **kwargs)
           ^^^^^^^^^^^^^^^^^^^^^^^^^^^^^^^^^^^^^^^^^^^^^^^^^^^^
  File "E:\Doctor-Appointment-Aiagent\venv\Lib\site-packages\requests\api.py", line 59, in request
    return session.request(method=method, url=url, **kwargs)
           ^^^^^^^^^^^^^^^^^^^^^^^^^^^^^^^^^^^^^^^^^^^^^^^^^
  File "E:\Doctor-Appointment-Aiagent\venv\Lib\site-packages\requests\sessions.py", line 589, in request
    resp = self.send(prep, **send_kwargs)
           ^^^^^^^^^^^^^^^^^^^^^^^^^^^^^^
  File "E:\Doctor-Appointment-Aiagent\venv\Lib\site-packages\requests\sessions.py", line 703, in send
    r = adapter.send(request, **kwargs)
        ^^^^^^^^^^^^^^^^^^^^^^^^^^^^^^^
  File "E:\Doctor-Appointment-Aiagent\venv\Lib\site-packages\requests\adapters.py", line 700, in send
    raise ConnectionError(e, request=request)
requests.exceptions.ConnectionError: HTTPConnectionPool(host='127.0.0.1', port=8000): Max retries exceeded with url: /execute (Caused by NewConnectionError('<urllib3.connection.HTTPConnection object at 0x000002A8B8484650>: Failed to establish a new connection: [WinError 10061] No connection could be made because the target machine actively refused it'))
[ 2025-05-30 12:08:30,707 ] 22 my_doctor_app - INFO - Sending request to API: http://127.0.0.1:8000/execute
[ 2025-05-30 12:08:33,395 ] 45 my_doctor_app - ERROR - Error 500: {"detail":"Internal Server Error"}
[ 2025-05-30 12:09:19,452 ] 22 my_doctor_app - INFO - Sending request to API: http://127.0.0.1:8000/execute
[ 2025-05-30 12:09:21,871 ] 45 my_doctor_app - ERROR - Error 500: {"detail":"Internal Server Error"}
[ 2025-05-30 12:14:09,465 ] 22 my_doctor_app - INFO - Sending request to API: http://127.0.0.1:8000/execute
[ 2025-05-30 12:14:11,678 ] 45 my_doctor_app - ERROR - Error 500: {"detail":"Internal Server Error"}
